{
    "answer": 42,
    "colors": [
        "red",
        "green",
        "blue"
    ],
    "enabled": true,
    "foo": "bar",
    "foobar": {
        "foo": "bar"
    },
    "lsp": {
        "cpp": {
            "arguments": [
                "foo",
                "bar"
            ],
            "program": "notclangd"
        }
    },
    "numbers": [
        1,
        2,
        3
    ],
    "pi": 3.14,
    "rc": {
        "dialog_scalex": 2.0
    },
    "thisisabooltest": true,
    "thisisadoubletest": 3.5,
    "thisisanothertest": 10,
    "thisisastringtest": "test",
    "thisisatest": [
        "This",
        "is",
        "a",
        "test."
    ]
}